Analysis & Elaboration report for DE1_SoC
Thu May 29 19:03:06 2025
Quartus Prime Version 17.0.0 Build 595 04/25/2017 SJ Lite Edition


---------------------
; Table of Contents ;
---------------------
  1. Legal Notice
  2. Analysis & Elaboration Summary
  3. Parallel Compilation
  4. Parameter Settings for User Entity Instance: Top-level Entity: |Uni_Enable_DFF
  5. Analysis & Elaboration Settings
  6. Analysis & Elaboration Messages
  7. Analysis & Elaboration Suppressed Messages



----------------
; Legal Notice ;
----------------
Copyright (C) 2017  Intel Corporation. All rights reserved.
Your use of Intel Corporation's design tools, logic functions 
and other software and tools, and its AMPP partner logic 
functions, and any output files from any of the foregoing 
(including device programming or simulation files), and any 
associated documentation or information are expressly subject 
to the terms and conditions of the Intel Program License 
Subscription Agreement, the Intel Quartus Prime License Agreement,
the Intel MegaCore Function License Agreement, or other 
applicable license agreement, including, without limitation, 
that your use is for the sole purpose of programming logic 
devices manufactured by Intel and sold by Intel or its 
authorized distributors.  Please refer to the applicable 
agreement for further details.



+-----------------------------------------------------------------------------+
; Analysis & Elaboration Summary                                              ;
+-------------------------------+---------------------------------------------+
; Analysis & Elaboration Status ; Successful - Thu May 29 19:03:06 2025       ;
; Quartus Prime Version         ; 17.0.0 Build 595 04/25/2017 SJ Lite Edition ;
; Revision Name                 ; DE1_SoC                                     ;
; Top-level Entity Name         ; Uni_Enable_DFF                              ;
; Family                        ; Cyclone V                                   ;
; Logic utilization (in ALMs)   ; N/A until Partition Merge                   ;
; Total registers               ; N/A until Partition Merge                   ;
; Total pins                    ; N/A until Partition Merge                   ;
; Total virtual pins            ; N/A until Partition Merge                   ;
; Total block memory bits       ; N/A until Partition Merge                   ;
; Total PLLs                    ; N/A until Partition Merge                   ;
; Total DLLs                    ; N/A until Partition Merge                   ;
+-------------------------------+---------------------------------------------+


+------------------------------------------+
; Parallel Compilation                     ;
+----------------------------+-------------+
; Processors                 ; Number      ;
+----------------------------+-------------+
; Number detected on machine ; 12          ;
; Maximum allowed            ; 6           ;
;                            ;             ;
; Average used               ; 1.00        ;
; Maximum used               ; 1           ;
;                            ;             ;
; Usage by Processor         ; % Time Used ;
;     Processor 1            ; 100.0%      ;
+----------------------------+-------------+


+--------------------------------------------------------------------------------+
; Parameter Settings for User Entity Instance: Top-level Entity: |Uni_Enable_DFF ;
+----------------+-------+-------------------------------------------------------+
; Parameter Name ; Value ; Type                                                  ;
+----------------+-------+-------------------------------------------------------+
; WIDTH          ; 64    ; Signed Integer                                        ;
+----------------+-------+-------------------------------------------------------+
Note: In order to hide this table in the UI and the text report file, please set the "Show Parameter Settings in Synthesis Report" option in "Analysis and Synthesis Settings -> More Settings" to "Off".


+---------------------------------------------------------------------------------------------------------------------------+
; Analysis & Elaboration Settings                                                                                           ;
+---------------------------------------------------------------------------------+--------------------+--------------------+
; Option                                                                          ; Setting            ; Default Value      ;
+---------------------------------------------------------------------------------+--------------------+--------------------+
; Device                                                                          ; 5CSEMA5F31C6       ;                    ;
; Top-level entity name                                                           ; Uni_Enable_DFF     ; DE1_SoC            ;
; Family name                                                                     ; Cyclone V          ; Cyclone V          ;
; State Machine Processing                                                        ; User-Encoded       ; Auto               ;
; Use smart compilation                                                           ; Off                ; Off                ;
; Enable parallel Assembler and TimeQuest Timing Analyzer during compilation      ; On                 ; On                 ;
; Enable compact report table                                                     ; Off                ; Off                ;
; Restructure Multiplexers                                                        ; Auto               ; Auto               ;
; MLAB Add Timing Constraints For Mixed-Port Feed-Through Mode Setting Don't Care ; Off                ; Off                ;
; Create Debugging Nodes for IP Cores                                             ; Off                ; Off                ;
; Preserve fewer node names                                                       ; On                 ; On                 ;
; OpenCore Plus hardware evaluation                                               ; Enable             ; Enable             ;
; Verilog Version                                                                 ; Verilog_2001       ; Verilog_2001       ;
; VHDL Version                                                                    ; VHDL_1993          ; VHDL_1993          ;
; Safe State Machine                                                              ; Off                ; Off                ;
; Extract Verilog State Machines                                                  ; On                 ; On                 ;
; Extract VHDL State Machines                                                     ; On                 ; On                 ;
; Ignore Verilog initial constructs                                               ; Off                ; Off                ;
; Iteration limit for constant Verilog loops                                      ; 5000               ; 5000               ;
; Iteration limit for non-constant Verilog loops                                  ; 250                ; 250                ;
; Add Pass-Through Logic to Inferred RAMs                                         ; On                 ; On                 ;
; Infer RAMs from Raw Logic                                                       ; On                 ; On                 ;
; Parallel Synthesis                                                              ; On                 ; On                 ;
; DSP Block Balancing                                                             ; Auto               ; Auto               ;
; NOT Gate Push-Back                                                              ; On                 ; On                 ;
; Power-Up Don't Care                                                             ; On                 ; On                 ;
; Remove Redundant Logic Cells                                                    ; Off                ; Off                ;
; Remove Duplicate Registers                                                      ; On                 ; On                 ;
; Ignore CARRY Buffers                                                            ; Off                ; Off                ;
; Ignore CASCADE Buffers                                                          ; Off                ; Off                ;
; Ignore GLOBAL Buffers                                                           ; Off                ; Off                ;
; Ignore ROW GLOBAL Buffers                                                       ; Off                ; Off                ;
; Ignore LCELL Buffers                                                            ; Off                ; Off                ;
; Ignore SOFT Buffers                                                             ; On                 ; On                 ;
; Limit AHDL Integers to 32 Bits                                                  ; Off                ; Off                ;
; Optimization Technique                                                          ; Balanced           ; Balanced           ;
; Carry Chain Length                                                              ; 70                 ; 70                 ;
; Auto Carry Chains                                                               ; On                 ; On                 ;
; Auto Open-Drain Pins                                                            ; On                 ; On                 ;
; Perform WYSIWYG Primitive Resynthesis                                           ; Off                ; Off                ;
; Auto ROM Replacement                                                            ; On                 ; On                 ;
; Auto RAM Replacement                                                            ; On                 ; On                 ;
; Auto DSP Block Replacement                                                      ; On                 ; On                 ;
; Auto Shift Register Replacement                                                 ; Auto               ; Auto               ;
; Allow Shift Register Merging across Hierarchies                                 ; Auto               ; Auto               ;
; Auto Clock Enable Replacement                                                   ; On                 ; On                 ;
; Strict RAM Replacement                                                          ; Off                ; Off                ;
; Allow Synchronous Control Signals                                               ; On                 ; On                 ;
; Force Use of Synchronous Clear Signals                                          ; Off                ; Off                ;
; Auto Resource Sharing                                                           ; Off                ; Off                ;
; Allow Any RAM Size For Recognition                                              ; Off                ; Off                ;
; Allow Any ROM Size For Recognition                                              ; Off                ; Off                ;
; Allow Any Shift Register Size For Recognition                                   ; Off                ; Off                ;
; Use LogicLock Constraints during Resource Balancing                             ; On                 ; On                 ;
; Ignore translate_off and synthesis_off directives                               ; Off                ; Off                ;
; Timing-Driven Synthesis                                                         ; On                 ; On                 ;
; Report Parameter Settings                                                       ; On                 ; On                 ;
; Report Source Assignments                                                       ; On                 ; On                 ;
; Report Connectivity Checks                                                      ; On                 ; On                 ;
; Ignore Maximum Fan-Out Assignments                                              ; Off                ; Off                ;
; Synchronization Register Chain Length                                           ; 3                  ; 3                  ;
; PowerPlay Power Optimization During Synthesis                                   ; Normal compilation ; Normal compilation ;
; HDL message level                                                               ; Level2             ; Level2             ;
; Suppress Register Optimization Related Messages                                 ; Off                ; Off                ;
; Number of Removed Registers Reported in Synthesis Report                        ; 5000               ; 5000               ;
; Number of Swept Nodes Reported in Synthesis Report                              ; 5000               ; 5000               ;
; Number of Inverted Registers Reported in Synthesis Report                       ; 100                ; 100                ;
; Clock MUX Protection                                                            ; On                 ; On                 ;
; Auto Gated Clock Conversion                                                     ; Off                ; Off                ;
; Block Design Naming                                                             ; Auto               ; Auto               ;
; SDC constraint protection                                                       ; Off                ; Off                ;
; Synthesis Effort                                                                ; Auto               ; Auto               ;
; Shift Register Replacement - Allow Asynchronous Clear Signal                    ; On                 ; On                 ;
; Pre-Mapping Resynthesis Optimization                                            ; Off                ; Off                ;
; Analysis & Synthesis Message Level                                              ; Medium             ; Medium             ;
; Disable Register Merging Across Hierarchies                                     ; Auto               ; Auto               ;
; Resource Aware Inference For Block RAM                                          ; On                 ; On                 ;
; Automatic Parallel Synthesis                                                    ; On                 ; On                 ;
; Partial Reconfiguration Bitstream ID                                            ; Off                ; Off                ;
+---------------------------------------------------------------------------------+--------------------+--------------------+


+---------------------------------+
; Analysis & Elaboration Messages ;
+---------------------------------+
Info: *******************************************************************
Info: Running Quartus Prime Analysis & Elaboration
    Info: Version 17.0.0 Build 595 04/25/2017 SJ Lite Edition
    Info: Processing started: Thu May 29 19:02:56 2025
Info: Command: quartus_map --read_settings_files=on --write_settings_files=off DE1_SoC -c DE1_SoC --analysis_and_elaboration
Info (20030): Parallel compilation is enabled and will use 6 of the 6 processors detected
Info (12021): Found 1 design units, including 1 entities, in source file decoderlogic.sv
    Info (12023): Found entity 1: decoderLogic File: C:/Users/njoslin/Desktop/lab4COMEONE/decoderLogic.sv Line: 2
Info (12021): Found 1 design units, including 1 entities, in source file d_ff.sv
    Info (12023): Found entity 1: d_ff File: C:/Users/njoslin/Desktop/lab4COMEONE/d_ff.sv Line: 3
Info (12021): Found 1 design units, including 1 entities, in source file register_genr.sv
    Info (12023): Found entity 1: register_genr File: C:/Users/njoslin/Desktop/lab4COMEONE/register_genr.sv Line: 2
Info (12021): Found 1 design units, including 1 entities, in source file enable_dff.sv
    Info (12023): Found entity 1: enable_dff File: C:/Users/njoslin/Desktop/lab4COMEONE/enable_dff.sv Line: 3
Info (12021): Found 1 design units, including 1 entities, in source file two_one_mux_testbench.sv
    Info (12023): Found entity 1: two_one_mux_testbench File: C:/Users/njoslin/Desktop/lab4COMEONE/two_one_mux_testbench.sv Line: 3
Info (12021): Found 1 design units, including 1 entities, in source file decoder_testbench.sv
    Info (12023): Found entity 1: decoder_testbench File: C:/Users/njoslin/Desktop/lab4COMEONE/decoder_testbench.sv Line: 3
Info (12021): Found 1 design units, including 1 entities, in source file four_one_mux.sv
    Info (12023): Found entity 1: four_one_mux File: C:/Users/njoslin/Desktop/lab4COMEONE/four_one_mux.sv Line: 3
Info (12021): Found 1 design units, including 1 entities, in source file two_one_mux.sv
    Info (12023): Found entity 1: two_one_mux File: C:/Users/njoslin/Desktop/lab4COMEONE/two_one_mux.sv Line: 7
Info (12021): Found 1 design units, including 1 entities, in source file four_one_mux_testbench.sv
    Info (12023): Found entity 1: four_one_mux_testbench File: C:/Users/njoslin/Desktop/lab4COMEONE/four_one_mux_testbench.sv Line: 2
Info (12021): Found 1 design units, including 1 entities, in source file eight_one_mux.sv
    Info (12023): Found entity 1: eight_one_mux File: C:/Users/njoslin/Desktop/lab4COMEONE/eight_one_mux.sv Line: 2
Info (12021): Found 1 design units, including 1 entities, in source file eight_one_mux_testbench.sv
    Info (12023): Found entity 1: eight_one_mux_testbench File: C:/Users/njoslin/Desktop/lab4COMEONE/eight_one_mux_testbench.sv Line: 2
Info (12021): Found 1 design units, including 1 entities, in source file sixteen_one_mux.sv
    Info (12023): Found entity 1: sixteen_one_mux File: C:/Users/njoslin/Desktop/lab4COMEONE/sixteen_one_mux.sv Line: 2
Info (12021): Found 1 design units, including 1 entities, in source file sixteen_one_mux_testbench.sv
    Info (12023): Found entity 1: sixteen_one_mux_testbench File: C:/Users/njoslin/Desktop/lab4COMEONE/sixteen_one_mux_testbench.sv Line: 2
Info (12021): Found 1 design units, including 1 entities, in source file thirtytwo_mux.sv
    Info (12023): Found entity 1: thirtyTwo_mux File: C:/Users/njoslin/Desktop/lab4COMEONE/thirtyTwo_mux.sv Line: 2
Info (12021): Found 1 design units, including 1 entities, in source file sixtyfour_one_mux.sv
    Info (12023): Found entity 1: sixtyFour_one_mux File: C:/Users/njoslin/Desktop/lab4COMEONE/sixtyFour_one_mux.sv Line: 2
Info (12021): Found 1 design units, including 1 entities, in source file regfile.sv
    Info (12023): Found entity 1: regfile File: C:/Users/njoslin/Desktop/lab4COMEONE/regfile.sv Line: 2
Info (12021): Found 1 design units, including 1 entities, in source file regstim.sv
    Info (12023): Found entity 1: regstim File: C:/Users/njoslin/Desktop/lab4COMEONE/regstim.sv Line: 4
Info (12021): Found 1 design units, including 1 entities, in source file negative.sv
    Info (12023): Found entity 1: negative File: C:/Users/njoslin/Desktop/lab4COMEONE/negative.sv Line: 3
Info (12021): Found 1 design units, including 1 entities, in source file passb.sv
    Info (12023): Found entity 1: passB File: C:/Users/njoslin/Desktop/lab4COMEONE/passB.sv Line: 3
Info (12021): Found 1 design units, including 1 entities, in source file zero.sv
    Info (12023): Found entity 1: zero File: C:/Users/njoslin/Desktop/lab4COMEONE/zero.sv Line: 3
Info (12021): Found 1 design units, including 1 entities, in source file zero_testbench.sv
    Info (12023): Found entity 1: zero_testbench File: C:/Users/njoslin/Desktop/lab4COMEONE/zero_testbench.sv Line: 2
Info (12021): Found 1 design units, including 1 entities, in source file bitwiseand.sv
    Info (12023): Found entity 1: bitwiseAnd File: C:/Users/njoslin/Desktop/lab4COMEONE/bitwiseAnd.sv Line: 3
Info (12021): Found 1 design units, including 1 entities, in source file bitwiseand_testbench.sv
    Info (12023): Found entity 1: bitwiseAnd_testbench File: C:/Users/njoslin/Desktop/lab4COMEONE/bitwiseAnd_testbench.sv Line: 2
Info (12021): Found 1 design units, including 1 entities, in source file bitwiseor.sv
    Info (12023): Found entity 1: bitwiseOr File: C:/Users/njoslin/Desktop/lab4COMEONE/bitwiseOr.sv Line: 3
Info (12021): Found 1 design units, including 1 entities, in source file bitwisexor.sv
    Info (12023): Found entity 1: bitwiseXOR File: C:/Users/njoslin/Desktop/lab4COMEONE/bitwiseXOR.sv Line: 3
Info (12021): Found 1 design units, including 1 entities, in source file bitwiseor_testbench.sv
    Info (12023): Found entity 1: bitwiseOr_testbench File: C:/Users/njoslin/Desktop/lab4COMEONE/bitwiseOr_testbench.sv Line: 2
Info (12021): Found 1 design units, including 1 entities, in source file onebitadder.sv
    Info (12023): Found entity 1: oneBitAdder File: C:/Users/njoslin/Desktop/lab4COMEONE/oneBitAdder.sv Line: 2
Info (12021): Found 1 design units, including 1 entities, in source file adder_testbench.sv
    Info (12023): Found entity 1: adder_testbench File: C:/Users/njoslin/Desktop/lab4COMEONE/adder_testbench.sv Line: 2
Info (12021): Found 1 design units, including 1 entities, in source file aluadder.sv
    Info (12023): Found entity 1: aluAdder File: C:/Users/njoslin/Desktop/lab4COMEONE/aluAdder.sv Line: 2
Info (12021): Found 1 design units, including 1 entities, in source file negative_testbench.sv
    Info (12023): Found entity 1: negative_testbench File: C:/Users/njoslin/Desktop/lab4COMEONE/negative_testbench.sv Line: 2
Info (12021): Found 1 design units, including 1 entities, in source file aluadder_testbench.sv
    Info (12023): Found entity 1: aluAdder_testbench File: C:/Users/njoslin/Desktop/lab4COMEONE/aluAdder_testbench.sv Line: 3
Info (12021): Found 1 design units, including 1 entities, in source file sixtyfour_adder.sv
    Info (12023): Found entity 1: sixtyFour_adder File: C:/Users/njoslin/Desktop/lab4COMEONE/sixtyFour_adder.sv Line: 2
Info (12021): Found 1 design units, including 1 entities, in source file sixtyfour_adder_testbench.sv
    Info (12023): Found entity 1: sixtyFour_Adder_testbench File: C:/Users/njoslin/Desktop/lab4COMEONE/sixtyFour_Adder_testbench.sv Line: 2
Info (12021): Found 1 design units, including 1 entities, in source file alu.sv
    Info (12023): Found entity 1: alu File: C:/Users/njoslin/Desktop/lab4COMEONE/alu.sv Line: 2
Info (12021): Found 1 design units, including 1 entities, in source file alustim.sv
    Info (12023): Found entity 1: alustim File: C:/Users/njoslin/Desktop/lab4COMEONE/alustim.sv Line: 19
Info (12021): Found 2 design units, including 2 entities, in source file instructmem.sv
    Info (12023): Found entity 1: instructmem File: C:/Users/njoslin/Desktop/lab4COMEONE/instructmem.sv Line: 24
    Info (12023): Found entity 2: instructmem_testbench File: C:/Users/njoslin/Desktop/lab4COMEONE/instructmem.sv Line: 64
Info (12021): Found 2 design units, including 2 entities, in source file datamem.sv
    Info (12023): Found entity 1: datamem File: C:/Users/njoslin/Desktop/lab4COMEONE/datamem.sv Line: 13
    Info (12023): Found entity 2: datamem_testbench File: C:/Users/njoslin/Desktop/lab4COMEONE/datamem.sv Line: 71
Info (12021): Found 1 design units, including 1 entities, in source file pc.sv
    Info (12023): Found entity 1: PC File: C:/Users/njoslin/Desktop/lab4COMEONE/PC.sv Line: 1
Info (12021): Found 1 design units, including 1 entities, in source file sixtfourbit_dff.sv
    Info (12023): Found entity 1: sixTFourBit_dff File: C:/Users/njoslin/Desktop/lab4COMEONE/sixTFourBit_dff.sv Line: 3
Info (12021): Found 1 design units, including 1 entities, in source file basic64bitadder.sv
    Info (12023): Found entity 1: basic64BitAdder File: C:/Users/njoslin/Desktop/lab4COMEONE/basic64BitAdder.sv Line: 4
Info (12021): Found 1 design units, including 1 entities, in source file decoderforsignexten.sv
    Info (12023): Found entity 1: decoderForSignExten File: C:/Users/njoslin/Desktop/lab4COMEONE/decoderForSignExten.sv Line: 2
Info (12021): Found 1 design units, including 1 entities, in source file decodersig_testbench.sv
    Info (12023): Found entity 1: decoderSig_testbench File: C:/Users/njoslin/Desktop/lab4COMEONE/decoderSig_testbench.sv Line: 2
Info (12021): Found 1 design units, including 1 entities, in source file signextension.sv
    Info (12023): Found entity 1: signextension File: C:/Users/njoslin/Desktop/lab4COMEONE/signextension.sv Line: 2
Info (12021): Found 1 design units, including 1 entities, in source file signextension_testbench.sv
    Info (12023): Found entity 1: signextension_testbench File: C:/Users/njoslin/Desktop/lab4COMEONE/signextension_testbench.sv Line: 2
Info (12021): Found 2 design units, including 2 entities, in source file shifter.sv
    Info (12023): Found entity 1: shifter File: C:/Users/njoslin/Desktop/lab4COMEONE/shifter.sv Line: 2
    Info (12023): Found entity 2: shifter_testbench File: C:/Users/njoslin/Desktop/lab4COMEONE/shifter.sv Line: 17
Info (12021): Found 1 design units, including 1 entities, in source file flag_register.sv
    Info (12023): Found entity 1: flag_register File: C:/Users/njoslin/Desktop/lab4COMEONE/flag_register.sv Line: 2
Info (12021): Found 1 design units, including 1 entities, in source file alucontrol.sv
    Info (12023): Found entity 1: ALUCONTROL File: C:/Users/njoslin/Desktop/lab4COMEONE/ALUCONTROL.sv Line: 2
Info (12021): Found 1 design units, including 1 entities, in source file alucontrol_testbench.sv
    Info (12023): Found entity 1: alucontrol_testbench File: C:/Users/njoslin/Desktop/lab4COMEONE/alucontrol_testbench.sv Line: 2
Info (12021): Found 1 design units, including 1 entities, in source file cpu.sv
    Info (12023): Found entity 1: CPU File: C:/Users/njoslin/Desktop/lab4COMEONE/CPU.sv Line: 2
Info (12021): Found 1 design units, including 1 entities, in source file control.sv
    Info (12023): Found entity 1: CONTROL File: C:/Users/njoslin/Desktop/lab4COMEONE/CONTROL.sv Line: 1
Info (12021): Found 1 design units, including 1 entities, in source file readregister2mux.sv
    Info (12023): Found entity 1: readRegister2Mux File: C:/Users/njoslin/Desktop/lab4COMEONE/readRegister2Mux.sv Line: 2
Info (12021): Found 1 design units, including 1 entities, in source file two_to_one_64mux.sv
    Info (12023): Found entity 1: two_to_one_64mux File: C:/Users/njoslin/Desktop/lab4COMEONE/two_to_one_64mux.sv Line: 1
Info (12021): Found 1 design units, including 1 entities, in source file cpu_testbench.sv
    Info (12023): Found entity 1: CPU_testbench File: C:/Users/njoslin/Desktop/lab4COMEONE/CPU_testbench.sv Line: 2
Info (12021): Found 1 design units, including 1 entities, in source file two_to_one_writeregistermux.sv
    Info (12023): Found entity 1: two_to_one_writeRegisterMux File: C:/Users/njoslin/Desktop/lab4COMEONE/two_to_one_writeRegisterMux.sv Line: 1
Info (12021): Found 1 design units, including 1 entities, in source file three_to_one_64mux.sv
    Info (12023): Found entity 1: three_to_one_64mux File: C:/Users/njoslin/Desktop/lab4COMEONE/three_to_one_64mux.sv Line: 1
Info (12021): Found 1 design units, including 1 entities, in source file uni_enable_dff.sv
    Info (12023): Found entity 1: Uni_Enable_DFF File: C:/Users/njoslin/Desktop/lab4COMEONE/Uni_Enable_DFF.sv Line: 3
Info (12021): Found 1 design units, including 1 entities, in source file pipelineregister4_memoryaccess_writeback.sv
    Info (12023): Found entity 1: PipelineRegister4_MemoryAccess_WriteBack File: C:/Users/njoslin/Desktop/lab4COMEONE/PipelineRegister4_MemoryAccess_WriteBack.sv Line: 1
Info (12021): Found 1 design units, including 1 entities, in source file pipelineregister1_instructionfetch_instructiondecode.sv
    Info (12023): Found entity 1: PipelineRegister1_InstructionFetch_InstructionDecode File: C:/Users/njoslin/Desktop/lab4COMEONE/PipelineRegister1_InstructionFetch_InstructionDecode.sv Line: 1
Info (12021): Found 1 design units, including 1 entities, in source file pipelineregister2_instructiondecode_execution.sv
    Info (12023): Found entity 1: PipelineRegister2_InstructionDecode_Execution File: C:/Users/njoslin/Desktop/lab4COMEONE/PipelineRegister2_InstructionDecode_Execution.sv Line: 3
Info (12021): Found 1 design units, including 1 entities, in source file pipelineregister3_execution_memoryaccess.sv
    Info (12023): Found entity 1: PipelineRegister3_Execution_MemoryAccess File: C:/Users/njoslin/Desktop/lab4COMEONE/PipelineRegister3_Execution_MemoryAccess.sv Line: 1
Info (12021): Found 1 design units, including 1 entities, in source file forwarding.sv
    Info (12023): Found entity 1: FORWARDING File: C:/Users/njoslin/Desktop/lab4COMEONE/FORWARDING.sv Line: 1
Info (12021): Found 1 design units, including 1 entities, in source file four_to_one_64mux.sv
    Info (12023): Found entity 1: four_to_one_64mux File: C:/Users/njoslin/Desktop/lab4COMEONE/four_to_one_64mux.sv Line: 1
Info (12127): Elaborating entity "Uni_Enable_DFF" for the top level hierarchy
Info (12128): Elaborating entity "two_one_mux" for hierarchy "two_one_mux:paramEnableDFF[0].m" File: C:/Users/njoslin/Desktop/lab4COMEONE/Uni_Enable_DFF.sv Line: 13
Info (12128): Elaborating entity "d_ff" for hierarchy "d_ff:paramEnableDFF[0].d_inst" File: C:/Users/njoslin/Desktop/lab4COMEONE/Uni_Enable_DFF.sv Line: 14
Info (144001): Generated suppressed messages file C:/Users/njoslin/Desktop/lab4COMEONE/output_files/DE1_SoC.map.smsg
Info: Quartus Prime Analysis & Elaboration was successful. 0 errors, 0 warnings
    Info: Peak virtual memory: 4773 megabytes
    Info: Processing ended: Thu May 29 19:03:06 2025
    Info: Elapsed time: 00:00:10
    Info: Total CPU time (on all processors): 00:00:24


+--------------------------------------------+
; Analysis & Elaboration Suppressed Messages ;
+--------------------------------------------+
The suppressed messages can be found in C:/Users/njoslin/Desktop/lab4COMEONE/output_files/DE1_SoC.map.smsg.


