Analysis & Elaboration report for DE1_SoC
Wed Apr 16 22:00:35 2025
Quartus Prime Version 17.0.0 Build 595 04/25/2017 SJ Lite Edition


---------------------
; Table of Contents ;
---------------------
  1. Legal Notice
  2. Analysis & Elaboration Summary
  3. Parallel Compilation
  4. Parameter Settings for User Entity Instance: Top-level Entity: |passB_testbench
  5. Analysis & Elaboration Settings
  6. Port Connectivity Checks: "passB:dut"
  7. Analysis & Elaboration Messages
  8. Analysis & Elaboration Suppressed Messages



----------------
; Legal Notice ;
----------------
Copyright (C) 2017  Intel Corporation. All rights reserved.
Your use of Intel Corporation's design tools, logic functions 
and other software and tools, and its AMPP partner logic 
functions, and any output files from any of the foregoing 
(including device programming or simulation files), and any 
associated documentation or information are expressly subject 
to the terms and conditions of the Intel Program License 
Subscription Agreement, the Intel Quartus Prime License Agreement,
the Intel MegaCore Function License Agreement, or other 
applicable license agreement, including, without limitation, 
that your use is for the sole purpose of programming logic 
devices manufactured by Intel and sold by Intel or its 
authorized distributors.  Please refer to the applicable 
agreement for further details.



+-----------------------------------------------------------------------------+
; Analysis & Elaboration Summary                                              ;
+-------------------------------+---------------------------------------------+
; Analysis & Elaboration Status ; Successful - Wed Apr 16 22:00:35 2025       ;
; Quartus Prime Version         ; 17.0.0 Build 595 04/25/2017 SJ Lite Edition ;
; Revision Name                 ; DE1_SoC                                     ;
; Top-level Entity Name         ; passB_testbench                             ;
; Family                        ; Cyclone V                                   ;
; Logic utilization (in ALMs)   ; N/A until Partition Merge                   ;
; Total registers               ; N/A until Partition Merge                   ;
; Total pins                    ; N/A until Partition Merge                   ;
; Total virtual pins            ; N/A until Partition Merge                   ;
; Total block memory bits       ; N/A until Partition Merge                   ;
; Total PLLs                    ; N/A until Partition Merge                   ;
; Total DLLs                    ; N/A until Partition Merge                   ;
+-------------------------------+---------------------------------------------+


+------------------------------------------+
; Parallel Compilation                     ;
+----------------------------+-------------+
; Processors                 ; Number      ;
+----------------------------+-------------+
; Number detected on machine ; 8           ;
; Maximum allowed            ; 4           ;
;                            ;             ;
; Average used               ; 1.00        ;
; Maximum used               ; 1           ;
;                            ;             ;
; Usage by Processor         ; % Time Used ;
;     Processor 1            ; 100.0%      ;
+----------------------------+-------------+


+---------------------------------------------------------------------------------+
; Parameter Settings for User Entity Instance: Top-level Entity: |passB_testbench ;
+----------------+---------+------------------------------------------------------+
; Parameter Name ; Value   ; Type                                                 ;
+----------------+---------+------------------------------------------------------+
; delay          ; 1000000 ; Signed Integer                                       ;
+----------------+---------+------------------------------------------------------+
Note: In order to hide this table in the UI and the text report file, please set the "Show Parameter Settings in Synthesis Report" option in "Analysis and Synthesis Settings -> More Settings" to "Off".


+---------------------------------------------------------------------------------------------------------------------------+
; Analysis & Elaboration Settings                                                                                           ;
+---------------------------------------------------------------------------------+--------------------+--------------------+
; Option                                                                          ; Setting            ; Default Value      ;
+---------------------------------------------------------------------------------+--------------------+--------------------+
; Device                                                                          ; 5CSEMA5F31C6       ;                    ;
; Top-level entity name                                                           ; passB_testbench    ; DE1_SoC            ;
; Family name                                                                     ; Cyclone V          ; Cyclone V          ;
; State Machine Processing                                                        ; User-Encoded       ; Auto               ;
; Use smart compilation                                                           ; Off                ; Off                ;
; Enable parallel Assembler and TimeQuest Timing Analyzer during compilation      ; On                 ; On                 ;
; Enable compact report table                                                     ; Off                ; Off                ;
; Restructure Multiplexers                                                        ; Auto               ; Auto               ;
; MLAB Add Timing Constraints For Mixed-Port Feed-Through Mode Setting Don't Care ; Off                ; Off                ;
; Create Debugging Nodes for IP Cores                                             ; Off                ; Off                ;
; Preserve fewer node names                                                       ; On                 ; On                 ;
; OpenCore Plus hardware evaluation                                               ; Enable             ; Enable             ;
; Verilog Version                                                                 ; Verilog_2001       ; Verilog_2001       ;
; VHDL Version                                                                    ; VHDL_1993          ; VHDL_1993          ;
; Safe State Machine                                                              ; Off                ; Off                ;
; Extract Verilog State Machines                                                  ; On                 ; On                 ;
; Extract VHDL State Machines                                                     ; On                 ; On                 ;
; Ignore Verilog initial constructs                                               ; Off                ; Off                ;
; Iteration limit for constant Verilog loops                                      ; 5000               ; 5000               ;
; Iteration limit for non-constant Verilog loops                                  ; 250                ; 250                ;
; Add Pass-Through Logic to Inferred RAMs                                         ; On                 ; On                 ;
; Infer RAMs from Raw Logic                                                       ; On                 ; On                 ;
; Parallel Synthesis                                                              ; On                 ; On                 ;
; DSP Block Balancing                                                             ; Auto               ; Auto               ;
; NOT Gate Push-Back                                                              ; On                 ; On                 ;
; Power-Up Don't Care                                                             ; On                 ; On                 ;
; Remove Redundant Logic Cells                                                    ; Off                ; Off                ;
; Remove Duplicate Registers                                                      ; On                 ; On                 ;
; Ignore CARRY Buffers                                                            ; Off                ; Off                ;
; Ignore CASCADE Buffers                                                          ; Off                ; Off                ;
; Ignore GLOBAL Buffers                                                           ; Off                ; Off                ;
; Ignore ROW GLOBAL Buffers                                                       ; Off                ; Off                ;
; Ignore LCELL Buffers                                                            ; Off                ; Off                ;
; Ignore SOFT Buffers                                                             ; On                 ; On                 ;
; Limit AHDL Integers to 32 Bits                                                  ; Off                ; Off                ;
; Optimization Technique                                                          ; Balanced           ; Balanced           ;
; Carry Chain Length                                                              ; 70                 ; 70                 ;
; Auto Carry Chains                                                               ; On                 ; On                 ;
; Auto Open-Drain Pins                                                            ; On                 ; On                 ;
; Perform WYSIWYG Primitive Resynthesis                                           ; Off                ; Off                ;
; Auto ROM Replacement                                                            ; On                 ; On                 ;
; Auto RAM Replacement                                                            ; On                 ; On                 ;
; Auto DSP Block Replacement                                                      ; On                 ; On                 ;
; Auto Shift Register Replacement                                                 ; Auto               ; Auto               ;
; Allow Shift Register Merging across Hierarchies                                 ; Auto               ; Auto               ;
; Auto Clock Enable Replacement                                                   ; On                 ; On                 ;
; Strict RAM Replacement                                                          ; Off                ; Off                ;
; Allow Synchronous Control Signals                                               ; On                 ; On                 ;
; Force Use of Synchronous Clear Signals                                          ; Off                ; Off                ;
; Auto Resource Sharing                                                           ; Off                ; Off                ;
; Allow Any RAM Size For Recognition                                              ; Off                ; Off                ;
; Allow Any ROM Size For Recognition                                              ; Off                ; Off                ;
; Allow Any Shift Register Size For Recognition                                   ; Off                ; Off                ;
; Use LogicLock Constraints during Resource Balancing                             ; On                 ; On                 ;
; Ignore translate_off and synthesis_off directives                               ; Off                ; Off                ;
; Timing-Driven Synthesis                                                         ; On                 ; On                 ;
; Report Parameter Settings                                                       ; On                 ; On                 ;
; Report Source Assignments                                                       ; On                 ; On                 ;
; Report Connectivity Checks                                                      ; On                 ; On                 ;
; Ignore Maximum Fan-Out Assignments                                              ; Off                ; Off                ;
; Synchronization Register Chain Length                                           ; 3                  ; 3                  ;
; PowerPlay Power Optimization During Synthesis                                   ; Normal compilation ; Normal compilation ;
; HDL message level                                                               ; Level2             ; Level2             ;
; Suppress Register Optimization Related Messages                                 ; Off                ; Off                ;
; Number of Removed Registers Reported in Synthesis Report                        ; 5000               ; 5000               ;
; Number of Swept Nodes Reported in Synthesis Report                              ; 5000               ; 5000               ;
; Number of Inverted Registers Reported in Synthesis Report                       ; 100                ; 100                ;
; Clock MUX Protection                                                            ; On                 ; On                 ;
; Auto Gated Clock Conversion                                                     ; Off                ; Off                ;
; Block Design Naming                                                             ; Auto               ; Auto               ;
; SDC constraint protection                                                       ; Off                ; Off                ;
; Synthesis Effort                                                                ; Auto               ; Auto               ;
; Shift Register Replacement - Allow Asynchronous Clear Signal                    ; On                 ; On                 ;
; Pre-Mapping Resynthesis Optimization                                            ; Off                ; Off                ;
; Analysis & Synthesis Message Level                                              ; Medium             ; Medium             ;
; Disable Register Merging Across Hierarchies                                     ; Auto               ; Auto               ;
; Resource Aware Inference For Block RAM                                          ; On                 ; On                 ;
; Automatic Parallel Synthesis                                                    ; On                 ; On                 ;
; Partial Reconfiguration Bitstream ID                                            ; Off                ; Off                ;
+---------------------------------------------------------------------------------+--------------------+--------------------+


+------------------------------------------------------------------------------------------------------------------+
; Port Connectivity Checks: "passB:dut"                                                                            ;
+--------+--------+----------+-------------------------------------------------------------------------------------+
; Port   ; Type   ; Severity ; Details                                                                             ;
+--------+--------+----------+-------------------------------------------------------------------------------------+
; bus_64 ; Output ; Info     ; Connected to dangling logic. Logic that only feeds a dangling port will be removed. ;
+--------+--------+----------+-------------------------------------------------------------------------------------+


+---------------------------------+
; Analysis & Elaboration Messages ;
+---------------------------------+
Info: *******************************************************************
Info: Running Quartus Prime Analysis & Elaboration
    Info: Version 17.0.0 Build 595 04/25/2017 SJ Lite Edition
    Info: Processing started: Wed Apr 16 22:00:22 2025
Info: Command: quartus_map --read_settings_files=on --write_settings_files=off DE1_SoC -c DE1_SoC --analysis_and_elaboration
Info (20030): Parallel compilation is enabled and will use 4 of the 4 processors detected
Info (12021): Found 1 design units, including 1 entities, in source file decoderlogic.sv
    Info (12023): Found entity 1: decoderLogic File: C:/Users/jefjos_admin/Desktop/lab53/decoderLogic.sv Line: 2
Info (12021): Found 1 design units, including 1 entities, in source file d_ff.sv
    Info (12023): Found entity 1: d_ff File: C:/Users/jefjos_admin/Desktop/lab53/d_ff.sv Line: 3
Info (12021): Found 1 design units, including 1 entities, in source file register_genr.sv
    Info (12023): Found entity 1: register_genr File: C:/Users/jefjos_admin/Desktop/lab53/register_genr.sv Line: 2
Info (12021): Found 1 design units, including 1 entities, in source file enable_dff.sv
    Info (12023): Found entity 1: enable_dff File: C:/Users/jefjos_admin/Desktop/lab53/enable_dff.sv Line: 3
Info (12021): Found 1 design units, including 1 entities, in source file two_one_mux_testbench.sv
    Info (12023): Found entity 1: two_one_mux_testbench File: C:/Users/jefjos_admin/Desktop/lab53/two_one_mux_testbench.sv Line: 3
Info (12021): Found 1 design units, including 1 entities, in source file decoder_testbench.sv
    Info (12023): Found entity 1: decoder_testbench File: C:/Users/jefjos_admin/Desktop/lab53/decoder_testbench.sv Line: 3
Info (12021): Found 1 design units, including 1 entities, in source file four_one_mux.sv
    Info (12023): Found entity 1: four_one_mux File: C:/Users/jefjos_admin/Desktop/lab53/four_one_mux.sv Line: 3
Info (12021): Found 1 design units, including 1 entities, in source file two_one_mux.sv
    Info (12023): Found entity 1: two_one_mux File: C:/Users/jefjos_admin/Desktop/lab53/two_one_mux.sv Line: 7
Info (12021): Found 1 design units, including 1 entities, in source file four_one_mux_testbench.sv
    Info (12023): Found entity 1: four_one_mux_testbench File: C:/Users/jefjos_admin/Desktop/lab53/four_one_mux_testbench.sv Line: 2
Info (12021): Found 1 design units, including 1 entities, in source file eight_one_mux.sv
    Info (12023): Found entity 1: eight_one_mux File: C:/Users/jefjos_admin/Desktop/lab53/eight_one_mux.sv Line: 2
Info (12021): Found 1 design units, including 1 entities, in source file eight_one_mux_testbench.sv
    Info (12023): Found entity 1: eight_one_mux_testbench File: C:/Users/jefjos_admin/Desktop/lab53/eight_one_mux_testbench.sv Line: 2
Info (12021): Found 1 design units, including 1 entities, in source file sixteen_one_mux.sv
    Info (12023): Found entity 1: sixteen_one_mux File: C:/Users/jefjos_admin/Desktop/lab53/sixteen_one_mux.sv Line: 2
Info (12021): Found 1 design units, including 1 entities, in source file sixteen_one_mux_testbench.sv
    Info (12023): Found entity 1: sixteen_one_mux_testbench File: C:/Users/jefjos_admin/Desktop/lab53/sixteen_one_mux_testbench.sv Line: 2
Info (12021): Found 1 design units, including 1 entities, in source file thirtytwo_mux.sv
    Info (12023): Found entity 1: thirtyTwo_mux File: C:/Users/jefjos_admin/Desktop/lab53/thirtyTwo_mux.sv Line: 2
Info (12021): Found 1 design units, including 1 entities, in source file sixtyfour_one_mux.sv
    Info (12023): Found entity 1: sixtyFour_one_mux File: C:/Users/jefjos_admin/Desktop/lab53/sixtyFour_one_mux.sv Line: 2
Info (12021): Found 1 design units, including 1 entities, in source file regfile.sv
    Info (12023): Found entity 1: regfile File: C:/Users/jefjos_admin/Desktop/lab53/regfile.sv Line: 2
Info (12021): Found 1 design units, including 1 entities, in source file regstim.sv
    Info (12023): Found entity 1: regstim File: C:/Users/jefjos_admin/Desktop/lab53/regstim.sv Line: 4
Info (12021): Found 1 design units, including 1 entities, in source file negative.sv
    Info (12023): Found entity 1: negative File: C:/Users/jefjos_admin/Desktop/lab53/negative.sv Line: 3
Info (12021): Found 1 design units, including 1 entities, in source file passb.sv
    Info (12023): Found entity 1: passB File: C:/Users/jefjos_admin/Desktop/lab53/passB.sv Line: 3
Info (12021): Found 1 design units, including 1 entities, in source file zero.sv
    Info (12023): Found entity 1: zero File: C:/Users/jefjos_admin/Desktop/lab53/zero.sv Line: 3
Info (12021): Found 1 design units, including 1 entities, in source file zero_testbench.sv
    Info (12023): Found entity 1: zero_testbench File: C:/Users/jefjos_admin/Desktop/lab53/zero_testbench.sv Line: 2
Info (12021): Found 1 design units, including 1 entities, in source file bitwiseand.sv
    Info (12023): Found entity 1: bitwiseAnd File: C:/Users/jefjos_admin/Desktop/lab53/bitwiseAnd.sv Line: 3
Info (12021): Found 1 design units, including 1 entities, in source file bitwiseand_testbench.sv
    Info (12023): Found entity 1: bitwiseAnd_testbench File: C:/Users/jefjos_admin/Desktop/lab53/bitwiseAnd_testbench.sv Line: 2
Info (12021): Found 1 design units, including 1 entities, in source file bitwiseor.sv
    Info (12023): Found entity 1: bitwiseOr File: C:/Users/jefjos_admin/Desktop/lab53/bitwiseOr.sv Line: 3
Info (12021): Found 1 design units, including 1 entities, in source file bitwisexor.sv
    Info (12023): Found entity 1: bitwiseXOR File: C:/Users/jefjos_admin/Desktop/lab53/bitwiseXOR.sv Line: 3
Info (12021): Found 1 design units, including 1 entities, in source file bitwiseor_testbench.sv
    Info (12023): Found entity 1: bitwiseOr_testbench File: C:/Users/jefjos_admin/Desktop/lab53/bitwiseOr_testbench.sv Line: 2
Info (12021): Found 1 design units, including 1 entities, in source file onebitadder.sv
    Info (12023): Found entity 1: oneBitAdder File: C:/Users/jefjos_admin/Desktop/lab53/oneBitAdder.sv Line: 2
Info (12021): Found 1 design units, including 1 entities, in source file adder_testbench.sv
    Info (12023): Found entity 1: adder_testbench File: C:/Users/jefjos_admin/Desktop/lab53/adder_testbench.sv Line: 2
Info (12021): Found 1 design units, including 1 entities, in source file aluadder.sv
    Info (12023): Found entity 1: aluAdder File: C:/Users/jefjos_admin/Desktop/lab53/aluAdder.sv Line: 2
Info (12021): Found 1 design units, including 1 entities, in source file negative_testbench.sv
    Info (12023): Found entity 1: negative_testbench File: C:/Users/jefjos_admin/Desktop/lab53/negative_testbench.sv Line: 2
Info (12021): Found 1 design units, including 1 entities, in source file aluadder_testbench.sv
    Info (12023): Found entity 1: aluAdder_testbench File: C:/Users/jefjos_admin/Desktop/lab53/aluAdder_testbench.sv Line: 3
Info (12021): Found 1 design units, including 1 entities, in source file sixtyfour_adder.sv
    Info (12023): Found entity 1: sixtyFour_adder File: C:/Users/jefjos_admin/Desktop/lab53/sixtyFour_adder.sv Line: 2
Info (12021): Found 1 design units, including 1 entities, in source file sixtyfour_adder_testbench.sv
    Info (12023): Found entity 1: sixtyFour_Adder_testbench File: C:/Users/jefjos_admin/Desktop/lab53/sixtyFour_Adder_testbench.sv Line: 2
Info (12021): Found 1 design units, including 1 entities, in source file alu.sv
    Info (12023): Found entity 1: alu File: C:/Users/jefjos_admin/Desktop/lab53/alu.sv Line: 2
Info (12021): Found 1 design units, including 1 entities, in source file alustim.sv
    Info (12023): Found entity 1: alustim File: C:/Users/jefjos_admin/Desktop/lab53/alustim.sv Line: 20
Info (12021): Found 1 design units, including 1 entities, in source file passb_testbench.sv
    Info (12023): Found entity 1: passB_testbench File: C:/Users/jefjos_admin/Desktop/lab53/passB_testbench.sv Line: 1
Info (12127): Elaborating entity "passB_testbench" for the top level hierarchy
Info (10648): Verilog HDL Display System Task info at passB_testbench.sv(22): Starting passB test... File: C:/Users/jefjos_admin/Desktop/lab53/passB_testbench.sv Line: 22
Info (10648): Verilog HDL Display System Task info at passB_testbench.sv(17): a = 000, bus_64 = 0000000000000000, expected = 00000000cafebabe <non-constant> File: C:/Users/jefjos_admin/Desktop/lab53/passB_testbench.sv Line: 17
Info (10648): Verilog HDL Display System Task info at passB_testbench.sv(17): a = 001, bus_64 = 0000000000000000, expected = 0000000000000000 <non-constant> File: C:/Users/jefjos_admin/Desktop/lab53/passB_testbench.sv Line: 17
Info (10648): Verilog HDL Display System Task info at passB_testbench.sv(17): a = 010, bus_64 = 0000000000000000, expected = 0000000000000000 <non-constant> File: C:/Users/jefjos_admin/Desktop/lab53/passB_testbench.sv Line: 17
Info (10648): Verilog HDL Display System Task info at passB_testbench.sv(17): a = 011, bus_64 = 0000000000000000, expected = 0000000000000000 <non-constant> File: C:/Users/jefjos_admin/Desktop/lab53/passB_testbench.sv Line: 17
Info (10648): Verilog HDL Display System Task info at passB_testbench.sv(17): a = 100, bus_64 = 0000000000000000, expected = 0000000000000000 <non-constant> File: C:/Users/jefjos_admin/Desktop/lab53/passB_testbench.sv Line: 17
Info (10648): Verilog HDL Display System Task info at passB_testbench.sv(17): a = 101, bus_64 = 0000000000000000, expected = 0000000000000000 <non-constant> File: C:/Users/jefjos_admin/Desktop/lab53/passB_testbench.sv Line: 17
Info (10648): Verilog HDL Display System Task info at passB_testbench.sv(17): a = 110, bus_64 = 0000000000000000, expected = 0000000000000000 <non-constant> File: C:/Users/jefjos_admin/Desktop/lab53/passB_testbench.sv Line: 17
Info (10648): Verilog HDL Display System Task info at passB_testbench.sv(17): a = 111, bus_64 = 0000000000000000, expected = 0000000000000000 <non-constant> File: C:/Users/jefjos_admin/Desktop/lab53/passB_testbench.sv Line: 17
Info (10648): Verilog HDL Display System Task info at passB_testbench.sv(41): passB test complete. File: C:/Users/jefjos_admin/Desktop/lab53/passB_testbench.sv Line: 41
Warning (10175): Verilog HDL warning at passB_testbench.sv(42): ignoring unsupported system task File: C:/Users/jefjos_admin/Desktop/lab53/passB_testbench.sv Line: 42
Info (12128): Elaborating entity "passB" for hierarchy "passB:dut" File: C:/Users/jefjos_admin/Desktop/lab53/passB_testbench.sv Line: 13
Info (144001): Generated suppressed messages file C:/Users/jefjos_admin/Desktop/lab53/output_files/DE1_SoC.map.smsg
Info: Quartus Prime Analysis & Elaboration was successful. 0 errors, 1 warning
    Info: Peak virtual memory: 4775 megabytes
    Info: Processing ended: Wed Apr 16 22:00:35 2025
    Info: Elapsed time: 00:00:13
    Info: Total CPU time (on all processors): 00:00:31


+--------------------------------------------+
; Analysis & Elaboration Suppressed Messages ;
+--------------------------------------------+
The suppressed messages can be found in C:/Users/jefjos_admin/Desktop/lab53/output_files/DE1_SoC.map.smsg.


